version https://git-lfs.github.com/spec/v1
oid sha256:cf785680933230a093a27494d0af5926ad11c84c29c25d9eae327a993a50d9f1
size 550
