version https://git-lfs.github.com/spec/v1
oid sha256:69d80d74b0e4b0f0104d3e5374fbba116f1e5c79207454dce5a20ef07c7cad45
size 706
